
 /----------------------------------------------------------------------------\
 |                                                                            |
 |  yosys -- Yosys Open SYnthesis Suite                                       |
 |                                                                            |
 |  Copyright (C) 2012 - 2019  Clifford Wolf <clifford@clifford.at>           |
 |                                                                            |
 |  Permission to use, copy, modify, and/or distribute this software for any  |
 |  purpose with or without fee is hereby granted, provided that the above    |
 |  copyright notice and this permission notice appear in all copies.         |
 |                                                                            |
 |  THE SOFTWARE IS PROVIDED "AS IS" AND THE AUTHOR DISCLAIMS ALL WARRANTIES  |
 |  WITH REGARD TO THIS SOFTWARE INCLUDING ALL IMPLIED WARRANTIES OF          |
 |  MERCHANTABILITY AND FITNESS. IN NO EVENT SHALL THE AUTHOR BE LIABLE FOR   |
 |  ANY SPECIAL, DIRECT, INDIRECT, OR CONSEQUENTIAL DAMAGES OR ANY DAMAGES    |
 |  WHATSOEVER RESULTING FROM LOSS OF USE, DATA OR PROFITS, WHETHER IN AN     |
 |  ACTION OF CONTRACT, NEGLIGENCE OR OTHER TORTIOUS ACTION, ARISING OUT OF   |
 |  OR IN CONNECTION WITH THE USE OR PERFORMANCE OF THIS SOFTWARE.            |
 |                                                                            |
 \----------------------------------------------------------------------------/

 Yosys 0.9 (git sha1 1979e0b)


-- Executing script file `synth/csla_depth2.ys' --

1. Executing Verilog-2005 frontend: rtl/full_adder.v
Parsing Verilog input from `rtl/full_adder.v' to AST representation.
Generating RTLIL representation for module `\full_adder'.
Successfully finished Verilog frontend.

2. Executing Verilog-2005 frontend: rtl/rca4.v
Parsing Verilog input from `rtl/rca4.v' to AST representation.
Generating RTLIL representation for module `\rca4'.
Successfully finished Verilog frontend.

3. Executing Verilog-2005 frontend: rtl/csla4.v
Parsing Verilog input from `rtl/csla4.v' to AST representation.
Generating RTLIL representation for module `\csla4'.
Successfully finished Verilog frontend.

4. Executing Verilog-2005 frontend: rtl/csla32.v
Parsing Verilog input from `rtl/csla32.v' to AST representation.
Generating RTLIL representation for module `\csla32'.
Successfully finished Verilog frontend.

5. Executing Verilog-2005 frontend: rtl/alu32_csla.v
Parsing Verilog input from `rtl/alu32_csla.v' to AST representation.
Generating RTLIL representation for module `\alu32_csla'.
Successfully finished Verilog frontend.

6. Executing HIERARCHY pass (managing design hierarchy).

6.1. Analyzing design hierarchy..
Top module:  \alu32_csla
Used module:     \csla32
Used module:         \csla4
Used module:             \rca4
Used module:                 \full_adder

6.2. Analyzing design hierarchy..
Top module:  \alu32_csla
Used module:     \csla32
Used module:         \csla4
Used module:             \rca4
Used module:                 \full_adder
Removed 0 unused modules.

7. Executing PROC pass (convert processes to netlists).

7.1. Executing PROC_CLEAN pass (remove empty switches from decision trees).
Cleaned up 0 empty switches.

7.2. Executing PROC_RMDEAD pass (remove dead branches from decision trees).
Removed 1 dead cases from process $proc$rtl/alu32_csla.v:18$9 in module alu32_csla.
Marked 1 switch rules as full_case in process $proc$rtl/alu32_csla.v:18$9 in module alu32_csla.
Removed a total of 1 dead cases.

7.3. Executing PROC_INIT pass (extract init attributes).

7.4. Executing PROC_ARST pass (detect async resets in processes).

7.5. Executing PROC_MUX pass (convert decision trees to multiplexers).
Creating decoders for process `\alu32_csla.$proc$rtl/alu32_csla.v:18$9'.
     1/2: $1\result[31:0]
     2/2: $0\result[31:0]

7.6. Executing PROC_DLATCH pass (convert process syncs to latches).
No latch inferred for signal `\alu32_csla.\result' from process `\alu32_csla.$proc$rtl/alu32_csla.v:18$9'.

7.7. Executing PROC_DFF pass (convert process syncs to FFs).

7.8. Executing PROC_CLEAN pass (remove empty switches from decision trees).
Found and cleaned up 1 empty switch in `\alu32_csla.$proc$rtl/alu32_csla.v:18$9'.
Removing empty process `alu32_csla.$proc$rtl/alu32_csla.v:18$9'.
Cleaned up 1 empty switch.

8. Executing FLATTEN pass (flatten design).
Using template csla32 for cells of type csla32.
Using template csla4 for cells of type csla4.
Using template rca4 for cells of type rca4.
Using template full_adder for cells of type full_adder.
<suppressed ~89 debug messages>
No more expansions possible.
Deleting now unused module csla32.
Deleting now unused module csla4.
Deleting now unused module rca4.
Deleting now unused module full_adder.

9. Executing OPT pass (performing simple optimizations).

9.1. Executing OPT_EXPR pass (perform const folding).
Optimizing module alu32_csla.
<suppressed ~33 debug messages>

9.2. Executing OPT_MERGE pass (detect identical cells).
Finding identical cells in module `\alu32_csla'.
<suppressed ~387 debug messages>
Removed a total of 129 cells.

9.3. Executing OPT_MUXTREE pass (detect dead branches in mux trees).
Running muxtree optimizer on module \alu32_csla..
  Creating internal representation of mux trees.
  Evaluating internal representation of mux trees.
  Analyzing evaluation results.
    dead port 1/2 on $mux $techmap\u_csla32.csla4_7.$ternary$rtl/csla4.v:32$8.
    dead port 2/2 on $mux $techmap\u_csla32.csla4_7.$ternary$rtl/csla4.v:32$8.
Removed 2 multiplexer ports.
<suppressed ~8 debug messages>

9.4. Executing OPT_REDUCE pass (consolidate $*mux and $reduce_* inputs).
  Optimizing cells in module \alu32_csla.
    New ctrl vector for $pmux cell $procmux$19: { $auto$opt_reduce.cc:132:opt_mux$29 $procmux$25_CMP $procmux$24_CMP $procmux$23_CMP $procmux$22_CMP $procmux$21_CMP $procmux$20_CMP }
    New input vector for $reduce_or cell $auto$opt_reduce.cc:126:opt_mux$28: { $procmux$26_CMP $procmux$27_CMP }
  Optimizing cells in module \alu32_csla.
Performed a total of 2 changes.

9.5. Executing OPT_MERGE pass (detect identical cells).
Finding identical cells in module `\alu32_csla'.
Removed a total of 0 cells.

9.6. Executing OPT_RMDFF pass (remove dff with constant values).

9.7. Executing OPT_CLEAN pass (remove unused cells and wires).
Finding unused cells or wires in module \alu32_csla..
Removed 5 unused cells and 319 unused wires.
<suppressed ~14 debug messages>

9.8. Executing OPT_EXPR pass (perform const folding).
Optimizing module alu32_csla.

9.9. Rerunning OPT passes. (Maybe there is more to do..)

9.10. Executing OPT_MUXTREE pass (detect dead branches in mux trees).
Running muxtree optimizer on module \alu32_csla..
  Creating internal representation of mux trees.
  Evaluating internal representation of mux trees.
  Analyzing evaluation results.
Removed 0 multiplexer ports.
<suppressed ~8 debug messages>

9.11. Executing OPT_REDUCE pass (consolidate $*mux and $reduce_* inputs).
  Optimizing cells in module \alu32_csla.
Performed a total of 0 changes.

9.12. Executing OPT_MERGE pass (detect identical cells).
Finding identical cells in module `\alu32_csla'.
Removed a total of 0 cells.

9.13. Executing OPT_RMDFF pass (remove dff with constant values).

9.14. Executing OPT_CLEAN pass (remove unused cells and wires).
Finding unused cells or wires in module \alu32_csla..
Removed 0 unused cells and 9 unused wires.
<suppressed ~9 debug messages>

9.15. Executing OPT_EXPR pass (perform const folding).
Optimizing module alu32_csla.

9.16. Finished OPT passes. (There is nothing left to do.)

10. Executing TECHMAP pass (map to technology primitives).

10.1. Executing Verilog-2005 frontend: <techmap.v>
Parsing Verilog input from `<techmap.v>' to AST representation.
Generating RTLIL representation for module `\_90_simplemap_bool_ops'.
Generating RTLIL representation for module `\_90_simplemap_reduce_ops'.
Generating RTLIL representation for module `\_90_simplemap_logic_ops'.
Generating RTLIL representation for module `\_90_simplemap_compare_ops'.
Generating RTLIL representation for module `\_90_simplemap_various'.
Generating RTLIL representation for module `\_90_simplemap_registers'.
Generating RTLIL representation for module `\_90_shift_ops_shr_shl_sshl_sshr'.
Generating RTLIL representation for module `\_90_shift_shiftx'.
Generating RTLIL representation for module `\_90_fa'.
Generating RTLIL representation for module `\_90_lcu'.
Generating RTLIL representation for module `\_90_alu'.
Generating RTLIL representation for module `\_90_macc'.
Generating RTLIL representation for module `\_90_alumacc'.
Generating RTLIL representation for module `\$__div_mod_u'.
Generating RTLIL representation for module `\$__div_mod'.
Generating RTLIL representation for module `\_90_div'.
Generating RTLIL representation for module `\_90_mod'.
Generating RTLIL representation for module `\_90_pow'.
Generating RTLIL representation for module `\_90_pmux'.
Generating RTLIL representation for module `\_90_lut'.
Successfully finished Verilog frontend.

10.2. Continuing TECHMAP pass.
Using extmapper simplemap for cells of type $eq.
Using extmapper simplemap for cells of type $or.
Using extmapper simplemap for cells of type $and.
Using extmapper simplemap for cells of type $mux.
Using extmapper simplemap for cells of type $xor.
Running "alumacc" on wrapper $extern:wrap:$lt:A_SIGNED=1:A_WIDTH=32:B_SIGNED=1:B_WIDTH=32:Y_WIDTH=1:394426c56d1a028ba8fdd5469b163e04011def47.
Using template $extern:wrap:$lt:A_SIGNED=1:A_WIDTH=32:B_SIGNED=1:B_WIDTH=32:Y_WIDTH=1:394426c56d1a028ba8fdd5469b163e04011def47 for cells of type $extern:wrap:$lt:A_SIGNED=1:A_WIDTH=32:B_SIGNED=1:B_WIDTH=32:Y_WIDTH=1:394426c56d1a028ba8fdd5469b163e04011def47.
Using template $paramod$constmap:4621fcf06a436d1e2a4080e2ed9866a7d07a6e07$paramod$887c9fe2c55be14c90171bd2ff359c086a0858d7\_90_shift_ops_shr_shl_sshl_sshr for cells of type $shl.
Using template $paramod$constmap:4621fcf06a436d1e2a4080e2ed9866a7d07a6e07$paramod$770435fdf938ca78b5f1ecab2552fff9f675f686\_90_shift_ops_shr_shl_sshl_sshr for cells of type $shr.
Using template $paramod\_90_pmux\WIDTH=32\S_WIDTH=7 for cells of type $pmux.
Using extmapper simplemap for cells of type $logic_not.
Using extmapper simplemap for cells of type $reduce_or.
Using template $paramod\_90_alu\A_SIGNED=1\B_SIGNED=1\A_WIDTH=32\B_WIDTH=32\Y_WIDTH=32 for cells of type $alu.
Using template $paramod\_90_lcu\WIDTH=32 for cells of type $lcu.
Using extmapper simplemap for cells of type $not.
Using extmapper simplemap for cells of type $pos.
No more expansions possible.
<suppressed ~1428 debug messages>

11. Executing OPT pass (performing simple optimizations).

11.1. Executing OPT_EXPR pass (perform const folding).
Optimizing module alu32_csla.
<suppressed ~142 debug messages>

11.2. Executing OPT_MERGE pass (detect identical cells).
Finding identical cells in module `\alu32_csla'.
<suppressed ~39 debug messages>
Removed a total of 13 cells.

11.3. Executing OPT_MUXTREE pass (detect dead branches in mux trees).
Running muxtree optimizer on module \alu32_csla..
  Creating internal representation of mux trees.
  No muxes found in this module.
Removed 0 multiplexer ports.

11.4. Executing OPT_REDUCE pass (consolidate $*mux and $reduce_* inputs).
  Optimizing cells in module \alu32_csla.
Performed a total of 0 changes.

11.5. Executing OPT_MERGE pass (detect identical cells).
Finding identical cells in module `\alu32_csla'.
Removed a total of 0 cells.

11.6. Executing OPT_RMDFF pass (remove dff with constant values).

11.7. Executing OPT_CLEAN pass (remove unused cells and wires).
Finding unused cells or wires in module \alu32_csla..
Removed 75 unused cells and 187 unused wires.
<suppressed ~76 debug messages>

11.8. Executing OPT_EXPR pass (perform const folding).
Optimizing module alu32_csla.

11.9. Rerunning OPT passes. (Maybe there is more to do..)

11.10. Executing OPT_MUXTREE pass (detect dead branches in mux trees).
Running muxtree optimizer on module \alu32_csla..
  Creating internal representation of mux trees.
  No muxes found in this module.
Removed 0 multiplexer ports.

11.11. Executing OPT_REDUCE pass (consolidate $*mux and $reduce_* inputs).
  Optimizing cells in module \alu32_csla.
Performed a total of 0 changes.

11.12. Executing OPT_MERGE pass (detect identical cells).
Finding identical cells in module `\alu32_csla'.
Removed a total of 0 cells.

11.13. Executing OPT_RMDFF pass (remove dff with constant values).

11.14. Executing OPT_CLEAN pass (remove unused cells and wires).
Finding unused cells or wires in module \alu32_csla..

11.15. Executing OPT_EXPR pass (perform const folding).
Optimizing module alu32_csla.

11.16. Finished OPT passes. (There is nothing left to do.)

12. Executing ABC pass (technology mapping using ABC).

12.1. Extracting gate netlist of module `\alu32_csla' to `<abc-temp-dir>/input.blif'..
Extracted 1318 gates and 1388 wires to a netlist network with 67 inputs and 32 outputs.

12.1.1. Executing ABC.
Running ABC command: berkeley-abc -s -f <abc-temp-dir>/abc.script 2>&1
ABC: ABC command line: "source <abc-temp-dir>/abc.script".
ABC: 
ABC: + read_blif <abc-temp-dir>/input.blif 
ABC: + read_library <abc-temp-dir>/stdcells.genlib 
ABC: Entered genlib library with 17 gates from file "<abc-temp-dir>/stdcells.genlib".
ABC: + source /home/user/risc-v-alu/synth/rca_depth.abc 
ABC: netlist                       : i/o =   67/   32  lat =    0  and =   2059  lev = 33
ABC: + write_blif <abc-temp-dir>/output.blif 

12.1.2. Re-integrating ABC results.
ABC RESULTS:              $lut cells:     4118
ABC RESULTS:        internal signals:     1289
ABC RESULTS:           input signals:       67
ABC RESULTS:          output signals:       32
Removing temp directory.

13. Printing statistics.

=== alu32_csla ===

   Number of wires:               2912
   Number of wire bits:           4535
   Number of public wires:         499
   Number of public wire bits:    1271
   Number of memories:               0
   Number of memory bits:            0
   Number of processes:              0
   Number of cells:               2059
     $lut                         2059

End of script. Logfile hash: 9dc6661860
CPU: user 0.79s system 0.06s, MEM: 25.05 MB total, 18.97 MB resident
Yosys 0.9 (git sha1 1979e0b)
Time spent: 16% 7x opt_merge (0 sec), 16% 9x opt_expr (0 sec), ...
